55300748-07-27 01:27:36 [INFO] [TestLogger] src/main.cpp:46 This is a test log message.
55300749-04-28 11:13:25 [INFO] [TestLogger] src/main.cpp:46 This is a test log message.
55300752-05-14 15:35:11 [INFO] [TestLogger] src/main.cpp:46 This is a test log message.
55300754-03-14 09:45:39 [INFO] [TestLogger] src/main.cpp:46 This is a test log message.
